[quans2dung.iwedding.info/index.html]
[backblue.gif]
[fade.gif]
[index.html]
[cdn.biihappy.com/ziiweb/website/68178e9ee940bb5ca30f4861/c2adaf1fdfb50bc2e000b330e1559c9c.jpg]
[cdn.biihappy.com/ziiweb/website/68178e9ee940bb5ca30f4861/50a7433f461cf26acf667482a635bcbd.png]
[quans2dung.iwedding.info/templates/template19/images/fav_touch_icons/manifest.json]
[quans2dung.iwedding.info/templates/template19/css/bootstrap.min27d7.css]
[quans2dung.iwedding.info/templates/template19/css/libs27d7.css]
[quans2dung.iwedding.info/templates/template19/css/fontawesome-all.min27d7.css]
[quans2dung.iwedding.info/templates/template19/css/neela-icon-set27d7.css]
[quans2dung.iwedding.info/templates/template19/css/owl.carousel.min27d7.css]
[quans2dung.iwedding.info/templates/template19/css/style27d7.css]
[quans2dung.iwedding.info/common/calendar27d7.css]
[quans2dung.iwedding.info/common/toastr/toastr.min27d7.css]
[cdn.biihappy.com/ziiweb/website/68178e9ee940bb5ca30f4861/9c1bb00b27290bffdc390f340ad97701.jpg]
[cdn.biihappy.com/ziiweb/website/68178e9ee940bb5ca30f4861/5213cdbc63579f002cff1afbbb483eea.jpg]
[cdn.biihappy.com/ziiweb/default/template/644000ba4f8e0c7ddf09c709/d22ce318c91e96e35328d63da2364702.jpg]
[cdn.biihappy.com/ziiweb/website/68178e9ee940bb5ca30f4861/b7f8ef19f3c26f27540aee9c243d0e03.jpg]
[cdn.biihappy.com/ziiweb/default/website/604b9769d7be40d0d5bad7c5265dc849.jpg]
[cdn.biihappy.com/ziiweb/default/website/eb13d6af3ecce1c4c852a6b09913bdca.jpg]
[cdn.biihappy.com/ziiweb/default/website/15be4c2cfb762806d02a699688cbe2c2.jpg]
[cdn.biihappy.com/ziiweb/default/template/644000ba4f8e0c7ddf09c709/10896c191ff2008ed9d07a3ed53616e4.jpg]
[quans2dung.iwedding.info/rsvp.html]
[cdn.biihappy.com/ziiweb/website/68178e9ee940bb5ca30f4861/galleries/6818e55dd20c4c13c0048409/small.jpg]
[cdn.biihappy.com/ziiweb/website/68178e9ee940bb5ca30f4861/galleries/6818e550a02a1a3f8a020a8e/small.jpg]
[cdn.biihappy.com/ziiweb/website/68178e9ee940bb5ca30f4861/galleries/6818e5444a86613c540686f3/small.jpg]
[cdn.biihappy.com/ziiweb/website/68178e9ee940bb5ca30f4861/galleries/6818e53a736be907850957b6/small.jpg]
[cdn.biihappy.com/ziiweb/website/68178e9ee940bb5ca30f4861/galleries/6818e530c0568f543a07aaf0/small.jpg]
[cdn.biihappy.com/ziiweb/website/68178e9ee940bb5ca30f4861/galleries/6818e526dff26f596e0146ad/small.jpg]
[cdn.biihappy.com/ziiweb/website/68178e9ee940bb5ca30f4861/galleries/6818e51a366af409ee0e0e65/small.jpg]
[cdn.biihappy.com/ziiweb/website/68178e9ee940bb5ca30f4861/galleries/6818e5110427b876f50d271d/small.jpg]
[cdn.biihappy.com/ziiweb/website/68178e9ee940bb5ca30f4861/galleries/6818e5054a86613c540686f2/small.jpg]
[cdn.biihappy.com/ziiweb/website/68178e9ee940bb5ca30f4861/galleries/6818e4f9736be907850957b5/small.jpg]
[cdn.biihappy.com/ziiweb/default/template/644000ba4f8e0c7ddf09c709/d4f33748bf87fde12d34aa8146e57b4c.jpg]
[cdn.biihappy.com/ziiweb/default/template/644000ba4f8e0c7ddf09c709/f948a8ba806986c08dd4ce1d6e9f8066.jpg]
[cdn.biihappy.com/ziiweb/website/68178e9ee940bb5ca30f4861/0dd1c3040300dfb58ae46ec34c362943.jpg]
[cdn.biihappy.com/ziiweb/website/68178e9ee940bb5ca30f4861/ac8beec1eda1b0af16f14b008d6b57a5.jpg]
[cdn.biihappy.com/ziiweb/default/template/644000ba4f8e0c7ddf09c709/98b3fc1637903e6b4265215b475fe2ad.jpg]
[cdn.biihappy.com/ziiweb/default/website/975cfb98a98bdadceb256b9160ac706e.jpg]
[cdn.biihappy.com/ziiweb/default/website/7defa09899824655bcb38f3b38ee24d0.jpg]
[cdn.biihappy.com/ziiweb/default/template/644000ba4f8e0c7ddf09c709/30a82e72a3e877ce778fa5da70d857a1.jpg]
[cdn.biihappy.com/ziiweb/default/website/4fa239218590ce0e7b44013a504e3d99.jpg]
[cdn.biihappy.com/ziiweb/default/website/784127e11f58a92b0f59d632c3190519.jpg]
[cdn.biihappy.com/ziiweb/website/68178e9ee940bb5ca30f4861/e5e06c833799fa0be431b6ea3315f317.png]
[cdn.biihappy.com/ziiweb/website/68178e9ee940bb5ca30f4861/e30373521b334b3d2e8fe866142046f9.png]
[cdn.biihappy.com/ziiweb/images/static/common/wishes.png]
[cdn.biihappy.com/ziiweb/images/static/common/rsvp4.png]
[cdn.biihappy.com/ziiweb/images/static/common/money_bag.png]
[cdn.biihappy.com/ziiweb/default/template/644000ba4f8e0c7ddf09c709/1f6f6347c9eec78781d536c34c177bb8.jpg]
[cdn.biihappy.com/ziiweb/default/template/644000ba4f8e0c7ddf09c709/b0ccc21579cf9df6a113314b039ec33e.jpg]
[quans2dung.iwedding.info/templates/template19/js/jquery-plugin-collection27d7.js]
[quans2dung.iwedding.info/templates/template19/js/variables27d7.js]
[quans2dung.iwedding.info/templates/template19/js/scripts27d7.js]
[quans2dung.iwedding.info/templates/template19/js/template.settings27d7.js]
[quans2dung.iwedding.info/common/calendar27d7.js]
[quans2dung.iwedding.info/common/biicommon.min27d7.js]
[quans2dung.iwedding.info/common/emoji-picker/js/insertTextAtCursor27d7.js]
[quans2dung.iwedding.info/common/emoji-picker/js/init27d7.js]
[quans2dung.iwedding.info/index.html]
[quans2dung.iwedding.info/templates/template19/css/bootstrap.min27d7.css]
[quans2dung.iwedding.info/common/toastr/toastr.min27d7.js]
[quans2dung.iwedding.info/templates/template19/images/fancybox/fancybox_sprite.png]
[quans2dung.iwedding.info/templates/template19/images/fancybox/fancybox_loading.gif]
[quans2dung.iwedding.info/templates/template19/images/fancybox/blank.gif]
[quans2dung.iwedding.info/templates/template19/images/fancybox/fancybox_overlay.png]
[quans2dung.iwedding.info/templates/template19/images/fancybox/fancybox_sprite@2x.png]
[quans2dung.iwedding.info/templates/template19/images/fancybox/fancybox_loading@2x.gif]
[quans2dung.iwedding.info/templates/template19/webfonts/lgd641.eot]
[quans2dung.iwedding.info/templates/template19/css/webfonts/lgd41d.eot]
[quans2dung.iwedding.info/templates/template19/webfonts/lgd641.woff]
[quans2dung.iwedding.info/templates/template19/webfonts/lgd641.ttf]
[quans2dung.iwedding.info/templates/template19/webfonts/lgd641.svg]
[quans2dung.iwedding.info/templates/template19/img/vimeo-play.png]
[quans2dung.iwedding.info/templates/template19/img/video-play.png]
[quans2dung.iwedding.info/templates/template19/img/youtube-play.png]
[quans2dung.iwedding.info/templates/template19/images/loading.gif]
[quans2dung.iwedding.info/templates/template19/css/libs27d7.css]
[quans2dung.iwedding.info/templates/template19/webfonts/fa-brands-400.eot]
[quans2dung.iwedding.info/templates/template19/webfonts/fa-brands-400d41dd41d.eot]
[quans2dung.iwedding.info/templates/template19/webfonts/fa-brands-400.woff2]
[quans2dung.iwedding.info/templates/template19/webfonts/fa-brands-400.woff]
[quans2dung.iwedding.info/templates/template19/webfonts/fa-brands-400.ttf]
[quans2dung.iwedding.info/templates/template19/webfonts/fa-brands-400.svg]
[quans2dung.iwedding.info/templates/template19/webfonts/fa-regular-400.eot]
[quans2dung.iwedding.info/templates/template19/webfonts/fa-regular-400d41dd41d.eot]
[quans2dung.iwedding.info/templates/template19/webfonts/fa-regular-400.woff2]
[quans2dung.iwedding.info/templates/template19/webfonts/fa-regular-400.woff]
[quans2dung.iwedding.info/templates/template19/webfonts/fa-regular-400.ttf]
[quans2dung.iwedding.info/templates/template19/webfonts/fa-regular-400.svg]
[quans2dung.iwedding.info/templates/template19/webfonts/fa-solid-900.eot]
[quans2dung.iwedding.info/templates/template19/webfonts/fa-solid-900d41dd41d.eot]
[quans2dung.iwedding.info/templates/template19/webfonts/fa-solid-900.woff2]
[quans2dung.iwedding.info/templates/template19/webfonts/fa-solid-900.woff]
[quans2dung.iwedding.info/templates/template19/webfonts/fa-solid-900.ttf]
[quans2dung.iwedding.info/templates/template19/css/fontawesome-all.min27d7.css]
[quans2dung.iwedding.info/templates/template19/webfonts/neela-icon-set.eot]
[quans2dung.iwedding.info/templates/template19/webfonts/fa-solid-900.svg]
[quans2dung.iwedding.info/templates/template19/webfonts/neela-icon-setd41dd41d.eot]
[quans2dung.iwedding.info/templates/template19/webfonts/neela-icon-set.woff]
[quans2dung.iwedding.info/templates/template19/webfonts/neela-icon-set.ttf]
[quans2dung.iwedding.info/templates/template19/css/neela-icon-set27d7.css]
[quans2dung.iwedding.info/templates/template19/webfonts/neela-icon-set.svg]
[quans2dung.iwedding.info/templates/template19/css/owl.carousel.min27d7.css]
[quans2dung.iwedding.info/templates/template19/css/owl.video.play.html]
[quans2dung.iwedding.info/templates/template19/images/our-story-background-img.jpg]
[quans2dung.iwedding.info/templates/template19/images/our-story-background-img@2x.jpg]
[quans2dung.iwedding.info/templates/template19/images/invitation-background.jpg]
[quans2dung.iwedding.info/templates/template19/images/invitation-background@2x.jpg]
[quans2dung.iwedding.info/templates/template19/images/bridesmaids-background.jpg]
[quans2dung.iwedding.info/templates/template19/images/bridesmaids-background@2x.jpg]
[quans2dung.iwedding.info/templates/template19/images/groomsmen-background.jpg]
[quans2dung.iwedding.info/templates/template19/images/groomsmen-background@2x.jpg]
[quans2dung.iwedding.info/templates/template19/images/gift-background-img.jpg]
[quans2dung.iwedding.info/templates/template19/images/gift-background-img@2x.jpg]
[quans2dung.iwedding.info/templates/template19/images/menu.jpg]
[quans2dung.iwedding.info/templates/template19/images/menu@2x.jpg]
[quans2dung.iwedding.info/templates/template19/images/gallery-img3.jpg]
[quans2dung.iwedding.info/templates/template19/images/gallery-img3@2x.html]
[quans2dung.iwedding.info/templates/template19/images/neela-pattern.png]
[quans2dung.iwedding.info/templates/template19/images/flower-large.svg]
[quans2dung.iwedding.info/templates/template19/images/flower-medium.svg]
[quans2dung.iwedding.info/templates/template19/images/flower-small.svg]
[quans2dung.iwedding.info/templates/template19/images/flower-large-light.svg]
[quans2dung.iwedding.info/templates/template19/images/flower-large-dark.svg]
[cdn.biihappy.com/ziiweb/images/static/common/searchicon.png]
[quans2dung.iwedding.info/templates/template19/css/style27d7.css]
[quans2dung.iwedding.info/common/calendar27d7.css]
[quans2dung.iwedding.info/common/toastr/toastr.min27d7.css]
[cdn.jsdelivr.net/npm/bootstrap@5.2.0/dist/css/bootstrap.min.css]
[quans2dung.iwedding.info/album/heart.gif]
[quans2dung.iwedding.info/rsvp.html]
[quans2dung.iwedding.info/templates/template19/css/webfonts/lgd41d.html]
[quans2dung.iwedding.info/templates/template19/webfonts/lgd641.svg]
[quans2dung.iwedding.info/templates/template19/img/vimeo-play.html]
[quans2dung.iwedding.info/templates/template19/img/video-play.html]
[quans2dung.iwedding.info/templates/template19/img/youtube-play.html]
[quans2dung.iwedding.info/templates/template19/webfonts/fa-brands-400.svg]
[quans2dung.iwedding.info/templates/template19/webfonts/fa-regular-400.svg]
[quans2dung.iwedding.info/rsvp-template/script7625.js]
[quans2dung.iwedding.info/templates/template19/webfonts/fa-solid-900.svg]
[quans2dung.iwedding.info/templates/template19/webfonts/neela-icon-set.svg]
[quans2dung.iwedding.info/templates/template19/css/owl.video.play.html]
[quans2dung.iwedding.info/templates/template19/images/gallery-img3@2x.html]
[quans2dung.iwedding.info/templates/template19/images/flower-large.svg]
[quans2dung.iwedding.info/templates/template19/images/flower-medium.svg]
[quans2dung.iwedding.info/templates/template19/images/flower-small.svg]
[quans2dung.iwedding.info/templates/template19/images/flower-large-light.svg]
[quans2dung.iwedding.info/templates/template19/images/flower-large-dark.svg]
[cdn.jsdelivr.net/npm/bootstrap@5.2.0/dist/css/bootstrap.min.css]
